15:02:19.886 HBuilderX Version: 5.07
15:02:20.640 [31m已停止运行...[39m
15:02:20.651 项目 mobile 开始编译
15:02:20.985 uniCloud本地调试服务启动失败：当前项目未关联uniCloud服务空间，请调整后重新运行uni-app项目
15:02:21.907 5.07
15:02:21.908 请注意运行模式下，因日志输出、sourcemap以及未压缩源码等原因，性能和包体积，均不及发行模式。
15:02:22.050 正在编译中...
15:02:22.053 编译会生成大量临时文件，杀毒软件监控时会影响编译速度，并造成CPU升高。推荐把项目目录添加到杀毒软件的监控排除名单中。[添加] [帮助]
15:02:22.783 [31m​Browserslist: caniuse-lite is outdated. Please run:[39m
15:02:22.785 [31m  npx update-browserslist-db@latest[39m
15:02:22.787 [31m  Why you should do it regularly: https://github.com/browserslist/update-db#readme​[39m
15:02:30.044 [警告⚠] `fixtures\runtime\current\index.js` 文件体积超过 500KB，已跳过压缩以及 ES6 转 ES5 的处理，手机端使用过大的js库影响性能。
15:02:42.930 项目 mobile 编译成功。
15:02:43.130 [31m注：当前使用的 ADB 非 HBuilderX 内置或自定义版本：[39m
15:02:43.138 [31mPID：18724[39m
15:02:43.139 [31m进程名称：adb.exe[39m
15:02:43.141 [31m路径：C:/Users/Administrator/AppData/Local/Android/Sdk/platform-tools/adb.exe[39m
15:02:43.143 [31m可能存在 ADB 冲突，导致真机运行不刷新或无法重启。运行正常可忽略，如遇异常请前往 运行配置 中设置 ADB 路径[39m
15:02:43.234 [33m手机端调试基座版本号为5.07，与本地版本相同，跳过更新[39m
15:02:43.526 正在建立手机连接...
15:02:47.700 正在同步手机端程序文件...
15:02:50.645 同步手机端程序文件成功
15:02:52.287 正在启动HBuilder调试基座...
15:02:53.700 [31m应用【mobile】已启动[39m
15:03:08.592 [31m应用未关联服务空间，请在uniCloud目录右键关联服务空间[39m
15:03:08.595 [31m应用未关联服务空间，请在uniCloud目录右键关联服务空间[39m
15:03:08.943 [31m应用未关联服务空间，请在uniCloud目录右键关联服务空间[39m
15:03:08.948 [31m应用未关联服务空间，请在uniCloud目录右键关联服务空间[39m
15:03:08.963 [31m应用未关联服务空间，请在uniCloud目录右键关联服务空间[39m
15:03:08.966 [31m应用未关联服务空间，请在uniCloud目录右键关联服务空间[39m
15:03:08.988 [31m应用未关联服务空间，请在uniCloud目录右键关联服务空间[39m
15:03:08.991 [31m应用未关联服务空间，请在uniCloud目录右键关联服务空间[39m
