13:42:54.310 HBuilderX Version: 5.07
13:42:54.722 项目 mobile 开始编译
13:42:54.999 uniCloud本地调试服务启动失败：当前项目未关联uniCloud服务空间，请调整后重新运行uni-app项目
13:42:55.590 5.07
13:42:55.591 请注意运行模式下，因日志输出、sourcemap以及未压缩源码等原因，性能和包体积，均不及发行模式。
13:42:55.676 正在编译中...
13:42:55.677 编译会生成大量临时文件，杀毒软件监控时会影响编译速度，并造成CPU升高。推荐把项目目录添加到杀毒软件的监控排除名单中。[添加] [帮助]
13:42:56.160 [31m​Browserslist: caniuse-lite is outdated. Please run:[39m
13:42:56.162 [31m  npx update-browserslist-db@latest[39m
13:42:56.164 [31m  Why you should do it regularly: https://github.com/browserslist/update-db#readme​[39m
13:43:02.112 [警告⚠] `fixtures\runtime\current\index.js` 文件体积超过 500KB，已跳过压缩以及 ES6 转 ES5 的处理，手机端使用过大的js库影响性能。
13:43:14.130 项目 mobile 编译成功。
13:43:14.272 [31m注：当前使用的 ADB 非 HBuilderX 内置或自定义版本：[39m
13:43:14.275 [31mPID：18724[39m
13:43:14.276 [31m进程名称：adb.exe[39m
13:43:14.278 [31m路径：C:/Users/Administrator/AppData/Local/Android/Sdk/platform-tools/adb.exe[39m
13:43:14.279 [31m可能存在 ADB 冲突，导致真机运行不刷新或无法重启。运行正常可忽略，如遇异常请前往 运行配置 中设置 ADB 路径[39m
13:43:14.368 [33m手机端调试基座版本号为5.07，与本地版本相同，跳过更新[39m
13:43:14.531 正在建立手机连接...
13:43:20.257 正在同步手机端程序文件...
13:43:21.655 同步手机端程序文件成功
13:43:26.115 正在启动HBuilder调试基座...
13:43:27.368 [31m应用【mobile】已启动[39m
