14:51:44.809 HBuilderX Version: 5.07
14:51:47.086 项目 mobile 开始编译
14:51:47.905 uniCloud本地调试服务启动失败：当前项目未关联uniCloud服务空间，请调整后重新运行uni-app项目
14:51:56.403 5.07
14:51:56.405 请注意运行模式下，因日志输出、sourcemap以及未压缩源码等原因，性能和包体积，均不及发行模式。
14:51:57.333 正在编译中...
14:51:57.337 编译会生成大量临时文件，杀毒软件监控时会影响编译速度，并造成CPU升高。推荐把项目目录添加到杀毒软件的监控排除名单中。[添加] [帮助]
14:52:02.052 [31m​Browserslist: caniuse-lite is outdated. Please run:[39m
14:52:02.056 [31m  npx update-browserslist-db@latest[39m
14:52:02.058 [31m  Why you should do it regularly: https://github.com/browserslist/update-db#readme​[39m
14:52:18.048 [警告⚠] `fixtures\runtime\current\index.js` 文件体积超过 500KB，已跳过压缩以及 ES6 转 ES5 的处理，手机端使用过大的js库影响性能。
14:52:32.212 项目 mobile 编译成功。
14:52:32.429 [31m注：当前使用的 ADB 非 HBuilderX 内置或自定义版本：[39m
14:52:32.436 [31mPID：18724[39m
14:52:32.439 [31m进程名称：adb.exe[39m
14:52:32.440 [31m路径：C:/Users/Administrator/AppData/Local/Android/Sdk/platform-tools/adb.exe[39m
14:52:32.442 [31m可能存在 ADB 冲突，导致真机运行不刷新或无法重启。运行正常可忽略，如遇异常请前往 运行配置 中设置 ADB 路径[39m
14:52:32.474 正在安装HBuilder调试基座...
14:52:35.121 安装HBuilder调试基座成功
14:52:36.161 正在建立手机连接...
14:52:43.057 正在同步手机端程序文件...
14:52:45.011 同步手机端程序文件成功
14:52:46.823 正在启动HBuilder调试基座...
14:52:49.206 [31m应用【mobile】已启动[39m
14:53:06.592 [31m应用未关联服务空间，请在uniCloud目录右键关联服务空间[39m
14:53:06.631 [31m应用未关联服务空间，请在uniCloud目录右键关联服务空间[39m
14:53:06.898 [31m应用未关联服务空间，请在uniCloud目录右键关联服务空间[39m
14:53:06.902 [31m应用未关联服务空间，请在uniCloud目录右键关联服务空间[39m
14:53:06.937 [31m应用未关联服务空间，请在uniCloud目录右键关联服务空间[39m
14:53:06.942 [31m应用未关联服务空间，请在uniCloud目录右键关联服务空间[39m
14:53:07.011 [31m应用未关联服务空间，请在uniCloud目录右键关联服务空间[39m
14:53:07.013 [31m应用未关联服务空间，请在uniCloud目录右键关联服务空间[39m
14:53:07.382 [31m应用未关联服务空间，请在uniCloud目录右键关联服务空间[39m
14:53:07.384 [31m应用未关联服务空间，请在uniCloud目录右键关联服务空间[39m
14:53:07.402 [31m应用未关联服务空间，请在uniCloud目录右键关联服务空间[39m
14:53:07.408 [31m应用未关联服务空间，请在uniCloud目录右键关联服务空间[39m
14:53:07.452 [31m应用未关联服务空间，请在uniCloud目录右键关联服务空间[39m
14:53:07.454 [31m应用未关联服务空间，请在uniCloud目录右键关联服务空间[39m
14:57:10.234 [31m已停止运行...[39m

