14:57:08.462 HBuilderX Version: 5.07
14:57:10.264 [31m已停止运行...[39m
14:57:10.328 项目 mobile 开始编译
14:57:10.956 uniCloud本地调试服务启动失败：当前项目未关联uniCloud服务空间，请调整后重新运行uni-app项目
14:57:16.085 5.07
14:57:16.087 请注意运行模式下，因日志输出、sourcemap以及未压缩源码等原因，性能和包体积，均不及发行模式。
14:57:16.562 正在编译中...
14:57:16.564 编译会生成大量临时文件，杀毒软件监控时会影响编译速度，并造成CPU升高。推荐把项目目录添加到杀毒软件的监控排除名单中。[添加] [帮助]
14:57:22.453 [31m​Browserslist: caniuse-lite is outdated. Please run:[39m
14:57:22.456 [31m  npx update-browserslist-db@latest[39m
14:57:22.458 [31m  Why you should do it regularly: https://github.com/browserslist/update-db#readme​[39m
14:57:33.643 [警告⚠] `fixtures\runtime\current\index.js` 文件体积超过 500KB，已跳过压缩以及 ES6 转 ES5 的处理，手机端使用过大的js库影响性能。
14:57:49.276 项目 mobile 编译成功。
14:57:49.552 [31m注：当前使用的 ADB 非 HBuilderX 内置或自定义版本：[39m
14:57:49.559 [31mPID：18724[39m
14:57:49.560 [31m进程名称：adb.exe[39m
14:57:49.563 [31m路径：C:/Users/Administrator/AppData/Local/Android/Sdk/platform-tools/adb.exe[39m
14:57:49.565 [31m可能存在 ADB 冲突，导致真机运行不刷新或无法重启。运行正常可忽略，如遇异常请前往 运行配置 中设置 ADB 路径[39m
14:57:50.427 [33m手机端调试基座版本号为5.07，与本地版本相同，跳过更新[39m
14:57:51.986 正在建立手机连接...
14:57:58.485 正在同步手机端程序文件...
14:58:01.615 同步手机端程序文件成功
14:58:03.425 正在启动HBuilder调试基座...
14:58:05.233 [31m应用【mobile】已启动[39m
14:58:22.849 [31m应用未关联服务空间，请在uniCloud目录右键关联服务空间[39m
14:58:22.868 [31m应用未关联服务空间，请在uniCloud目录右键关联服务空间[39m
14:58:23.162 [31m应用未关联服务空间，请在uniCloud目录右键关联服务空间[39m
14:58:23.165 [31m应用未关联服务空间，请在uniCloud目录右键关联服务空间[39m
14:58:23.183 [31m应用未关联服务空间，请在uniCloud目录右键关联服务空间[39m
14:58:23.186 [31m应用未关联服务空间，请在uniCloud目录右键关联服务空间[39m
14:58:23.200 [31m应用未关联服务空间，请在uniCloud目录右键关联服务空间[39m
14:58:23.202 [31m应用未关联服务空间，请在uniCloud目录右键关联服务空间[39m
