14:30:17.654 HBuilderX Version: 5.07
14:30:19.126 项目 mobile 开始编译
14:30:19.720 uniCloud本地调试服务启动失败：当前项目未关联uniCloud服务空间，请调整后重新运行uni-app项目
14:30:25.018 5.07
14:30:25.019 请注意运行模式下，因日志输出、sourcemap以及未压缩源码等原因，性能和包体积，均不及发行模式。
14:30:25.641 正在编译中...
14:30:25.644 编译会生成大量临时文件，杀毒软件监控时会影响编译速度，并造成CPU升高。推荐把项目目录添加到杀毒软件的监控排除名单中。[添加] [帮助]
14:30:28.517 [31m​Browserslist: caniuse-lite is outdated. Please run:[39m
14:30:28.520 [31m  npx update-browserslist-db@latest[39m
14:30:28.521 [31m  Why you should do it regularly: https://github.com/browserslist/update-db#readme​[39m
14:30:42.242 [警告⚠] `fixtures\runtime\current\index.js` 文件体积超过 500KB，已跳过压缩以及 ES6 转 ES5 的处理，手机端使用过大的js库影响性能。
14:30:59.037 项目 mobile 编译成功。
14:30:59.309 [31m注：当前使用的 ADB 非 HBuilderX 内置或自定义版本：[39m
14:30:59.316 [31mPID：18724[39m
14:30:59.318 [31m进程名称：adb.exe[39m
14:30:59.320 [31m路径：C:/Users/Administrator/AppData/Local/Android/Sdk/platform-tools/adb.exe[39m
14:30:59.322 [31m可能存在 ADB 冲突，导致真机运行不刷新或无法重启。运行正常可忽略，如遇异常请前往 运行配置 中设置 ADB 路径[39m
14:30:59.797 [33m手机端调试基座版本号为5.07，与本地版本相同，跳过更新[39m
14:31:00.072 正在建立手机连接...
14:31:11.189 [31m手机无响应？请检查：
1. 基座是否已成功安装并在手机上启动
2. ADB 反向代理是否创建成功
3. 手机和电脑是否处于同一网络[39m
